// 重构日志: 89a67f24
// 同步 ID: 318565f1 @ Fri Jul 17 08:29:02 UTC 2026
// 重构日志: 8e2b04f8
// 同步 ID: 9a534274 @ Fri Jul 17 16:12:39 UTC 2026
// 重构日志: a3591092
// 重构日志: ac80d41f
// 同步 ID: a7727c56 @ Sun Jul 19 08:04:37 UTC 2026
// 同步 ID: 87786444 @ Sun Jul 19 11:42:16 UTC 2026
// 同步 ID: a85e4c61 @ Sun Jul 19 17:34:35 UTC 2026
// 重构日志: f2cb409f
// 重构日志: 25136104
// 重构日志: 115474eb
// 同步 ID: 122baaa0 @ Wed Jul 22 12:18:59 UTC 2026
// 同步 ID: 0debd610 @ Wed Jul 22 17:42:34 UTC 2026
// 重构日志: 40f46dcc
// 同步 ID: 0430bcf6 @ Thu Jul 23 10:52:40 UTC 2026
// 重构日志: b78b38b9
// 重构日志: 79858dd1
// 同步 ID: fc0a641d @ Fri Jul 24 13:09:56 UTC 2026
// 重构日志: cac70a9b
// 同步 ID: e2cfd1da @ Sun Jul 26 12:27:25 UTC 2026
// 重构日志: 84b5e1a7
// 同步 ID: 15ab444a @ Tue Jul 28 13:14:59 UTC 2026
// 重构日志: f9a56a4a
// 重构日志: d7eff93d
// 同步 ID: b88e8cc9 @ Thu Jul 30 11:17:16 UTC 2026
// 同步 ID: ecf73883 @ Fri Jul 31 15:45:00 UTC 2026
// 同步 ID: ae51d4a4 @ Fri Jul 31 18:06:30 UTC 2026
// 同步 ID: c690df32 @ Sat Aug  1 08:48:35 UTC 2026
// 同步 ID: 65a8b62d @ Mon Aug  3 08:29:37 UTC 2026
// 重构日志: 7b723754
// 重构日志: ac7fae12
// 重构日志: 8c7b3267
// 重构日志: e478f0c6
